(0008,0005): ISO_IR 100
(0008,0008): ORIGINAL\PRIMARY\OTHER\R\IR
(0008,0012): 19960823
(0008,0013): 093801
(0008,0014): 1.3.46.670589.11.0.5
(0008,0016): 1.2.840.10008.5.1.4.1.1.4
(0008,0018): 1.3.46.670589.11.0.4.1996082307380006
(0008,0020): 19950330
(0008,0021): 19950330
(0008,0030): 150829.0000
(0008,0031): 155614.6300
(0008,0050): 
(0008,0060): MR
(0008,0070): Philips
(0008,0080): OTM4 R4.5
(0008,0090): 
(0008,1030): BRAIN
(0008,103e): Brain      STIR GR 512  TRA    GraSE 4415      64
(0008,1090): T5
(0010,0010): MR/BRAIN/GRASE/1024
(0010,0020): 7
(0010,0030): 19010101
(0010,0040): M
(0010,1030): 90
(0018,0020): IR
(0018,0021): OTHER
(0018,0022): 
(0018,0023): 2D
(0018,0050): 6.000000
(0018,0080): 4414.826172
(0018,0081): 64.000000
(0018,0082): 140.000000
(0018,0083): 2
(0018,0084): 42.593601
(0018,0085): 1H
(0018,0086): 1
(0018,0087): 1.000000
(0018,0088): 7.500000
(0018,0089): 384
(0018,0091): 0
(0018,0093): 75.000000
(0018,0094): 75.000000
(0018,1000): 00000
(0018,1020): RTNC1
(0018,1030): STIR GR 512
(0018,1081): 0
(0018,1082): 0
(0018,1083): 102
(0018,1084): 0
(0018,1088): 60
(0018,1250): H
(0018,1251): B
(0018,1312): ROW
(0018,1314): 90.000000
(0018,5100): HFS
(0020,000d): 1.3.46.670589.11.0.1.1996082307380006
(0020,000e): 1.3.46.670589.11.0.2.1996082307380006
(0020,0010): 191
(0020,0011): 1
(0020,0012): 13
(0020,0013): 1
(0020,0032): -125.000992\-122.842384\32.496708
(0020,0037): 1.000000\-0.000005\-0.000000\0.000005\0.959915\-0.280292
(0020,0052): 1.3.46.670589.11.0.3.1996082307380006
(0020,1040): 
(0020,4000): 
(0028,0004): MONOCHROME2
(0028,0030): 0.488281\0.488281
(0028,1050): 1951
(0028,1051): 237

