Litwo! Ojczyzno moja! Ty jesteś jak
zdrowie,
Ile cię trzeba cenić, ten tylko się
dowie,
Kto cię stracił.
