<http://www.first.com/>first	12	13	14	15
21	<http://www.second.com/>second	23	24	25
31	32	<http://www.third.com/>third	34	35
41	42	43	<http://www.fourth.com/>fourth	45
51	52	53	54	<http://www.fiveth.com/>fiveth


