ęśąćż.
Zażółć gęślą jaźń.
Test znaków diaktrycznych.

