<http://www.example.com/>hyperlink example
Some text
List:
first
second
third
Other list:
one
two
three
table:
11  12  13  14
21  22  23  24
31  32  33  34
41  42  43  44
Table with hyperlinks:
<http://www.first.com/>first    <http://www.second.com/>second
<http://www.third.com/>third    <http://www.fourth.com/>fourth
Tabela with lists:
first    one      second   third           
         two      one      one             
         three    two      two             
                  three    three           
fourth   one      fiveth   sixth           
         two      one      one             
         three    two      two             
                  three                    
seventh  eighth   nineth 
                  one    
                  two    
                  three  
                  four   

<mailto:email@example.com>email example

