<http://www.example.com/>hyperlink example
Some text
List:

 * first
 * second
 * third
Other list:

 * one
 * two
 * three


Table:
11  12  13  14
21  22  23  24
31  32  33  34
41  42  43  44


Table with hyperlinks:
  
  


Table with lists:
first     second    third   
                            
 * one    1. one     * one  
 * two    2. two     * two  
 * three  3. three   * three
fourth    fiveth    sixth   
                            
1. one     * one    1. one  
2. two     * two    2. two  
3. three   * three          
seventh   eighth    nineth  
                            
                    1. one  
                    2. two  
                    3. three
                    4. four 

<mailto:email@example.com>email example



