X and Y resolutions vary in this example.
It should not make a difference for the parser


