
         Cell B2

                           Cell D4


                  Cell C3


                                             Cell F6
                                                                                                                                                                                                                                                          Cell Z1 
                                                                                                                                                                                                                                                                    Cell AA2

