testy
testowy
testowość

attachment: 

name: 1.xlsx
hyperlink test


