This is a header.
Second paragraph of header. <http://www.silvercoders.com/>http://silvercoders.com


Page one.
Page two.

This is a footer.
Second paragraph of footer. <http://silvercoders.com/>http://silvercoders.com

