Author: Nnnnn Sssss
Creation time: 2012-11-02 23:17:49
Last modified by: Nnnnn2 Sssss2
Last modification time: 2012-11-03 21:08:24
Page count: unidentified
Word count: unidentified
