Author: unidentified
Creation time: unidentified
Last modified by: unidentified
Last modification time: unidentified
Page count: 2
Word count: unidentified
