Author: Nnnnn Sssss
Creation time: 2012-11-02 23:17:49
Last modified by: Nnnnn Sssss
Last modification time: 2012-11-02 23:18:57
Page count: unidentified
Word count: unidentified
