Author: Nnnnn Sssss
Creation time: 2012-11-02 22:59:00
Last modified by: unidentified
Last modification time: unidentified
Page count: unidentified
Word count: unidentified
