Author: Nnnnn Sssss
Creation time: 2012-11-02 23:00:27
Last modified by: Nnnnn Sssss
Last modification time: 2012-11-02 23:01:25
Page count: unidentified
Word count: unidentified
