Author: Nnnnn Sssss
Creation time: 2012-11-02 23:20:23
Last modified by: unidentified
Last modification time: unidentified
Page count: unidentified
Word count: unidentified
