Author: Nnnnn Sssss
Creation time: 2012-11-02 22:37:42
Last modified by: unidentified
Last modification time: unidentified
Page count: unidentified
Word count: unidentified
