Author: unidentified
Creation time: unidentified
Last modified by: unidentified
Last modification time: unidentified
Page count: 1
Word count: unidentified
