Chinese (Traditional) (chi_tra): 這是一個在中文中的示例句子
Russian (rus): Это образец предложения на русском языке
Japanese (jpn): これは日本語のサンプル文です

