Spanish (spa): Esta es una frase de muestra en español

Arabic (ara):

هذه عبارة عينة باللغة العربية

Latin (lat): Hoc est exemplum sententiae in lingua Latina

Ancient Greek (grc): Αὕτη ἐστὶν ὑπόδειγμα προτάσεως ἐν ἀρχαίᾳ ἑλληνικῇ

