English (eng): This is a sample sentence in English

French (fra): Ceci est une phrase d'exemple en français
German (deu): Dies ist ein Beispielsatz auf Deutsch

Chinese (Simplified) (chi_sim): 这是一个在中文中的示例句子

