Error processing file password_protected.key.
Error parsing file: password_protected.key. Tried different parsers, but file could not be recognized as another format. File may be corrupted or encrypted with nested docwire::IWorkParser::ParsingError Extracting plaintext failed with nested docwire::IWorkParser::ParsingError File is corrupted or encrypted