Error processing file ../../tests/password_protected.docx.
Backtrace:
1. File is encrypted according to the Microsoft Office Document Cryptography Specification. Exact file format cannot be determined
