Error processing file password_protected.xls.
Backtrace:
1. XLS file is encrypted: RC4 encryption type detected, RC4 encryption header found
