Error processing file password_protected.xlsb.
Parsing failed, file is encrypted with nested docwire::EncryptedFileException File is encrypted according to the Microsoft Office Document Cryptography Specification. Exact file format cannot be determined