Error processing file password_protected.pptx.
Backtrace:
1. File is encrypted according to the Microsoft Office Document Cryptography Specification. Exact file format cannot be determined
