Error processing file password_protected.doc.
Parsing failed, file is encrypted with nested docwire::EncryptedFileException File is encrypted