Error processing file password_protected.numbers.
Parsing failed with nested docwire::IWorkParser::ParsingError File is corrupted or encrypted