Error processing file password_protected.ppt.
Error parsing PPT file with nested docwire::EncryptedFileException This file is encrypted and cannot be processed