Error processing file password_protected.pages.
Error parsing file: password_protected.pages. Tried different parsers, but file could not be recognized as another format. File may be corrupted or encrypted with nested IWorkParser::RuntimeError Extracting plaintext failed with nested IWorkParser::RuntimeError File is corrupted or encrypted