Error processing file password_protected.pdf.
Pdf parsing failed with nested PoDoFo::PdfError PdfErrorCode::InvalidPassword, The password used to open the PDF file was invalid.
Callstack:t#0 Error Source: main/PdfParser.cpp(659), Information: A password is required to read this PDF file