Error processing file ../../tests/password_protected.odp.
Backtrace:
1. Specified ODF file is encrypted
