Unlimited random practice problems and answers                              <http://msgcache.wolfram.com/alpha/2013/10/2013109898/>View in web browser                                                                                                                                                                                                                                  
Wolfram|Alpha                                                                                                                                                                                                                                                                                                                                                                           
Announcing                                                                                                                                                                                                                                                                                                                                                                              
Wolfram Problem Generator ™                                                                                                                                                                                                                                                                                                                                                           
Questions and answers powered by Wolfram|Alpha's vast collection of data and knowledge                                                                                                                                                                                                                                                                                                  
Need a hint? Step-by-step solution?                                                                                                                                                                                                                                                                                                                                                     
<http://url.wolfram.com/P.LlVO/>Wolfram Problem Generator is the newest way to experience the knowledge and computational power of Wolfram|Alpha.                                                                                                                                                                                                                                       
Give your brain a workout on a number of topics including arithmetic, algebra, and calculus. And with over 10 trillion pieces of data on Wolfram|Alpha, there's sure to be more to come.                                                                                                                                                                                                
Direct integration with Wolfram|Alpha's <http://url.wolfram.com/ylnI4g/>Step-by-step solutions is there to help if you get stuck. Wolfram Problem Generator also creates printable worksheets for quizzes and study sessions—great for teachers, tutors, and parents.                                                                                                                 
<http://url.wolfram.com/M2OBmw/>Start Practicing!                                                                                                                                                                                                                                                                                                                                       
Wolfram Problem Generator isn't all you get with Pro. During your free trial, you'll enjoy unlimited access to Step-by-step solutions, data upload, image input, downloadable results pages, and more.                                                                                                                                                                                  
FOLLOW US:                                <http://url.wolfram.com/BNKWWk/>          <http://url.wolfram.com/BNKWWk/>Facebook  <http://url.wolfram.com/Pv7QaA/>          <http://url.wolfram.com/Pv7QaA/>Twitter   <http://url.wolfram.com/yNH4I0/>          <http://url.wolfram.com/yNH4I0/>LinkedIn  <http://url.wolfram.com/Mv3_-g/>          <http://url.wolfram.com/Mv3_-g/>YouTube 
© 2013 Wolfram Alpha LLC—A <http://url.wolfram.com/Cc0jw4/>Wolfram Research Company                                                                                                                                                                                                                                                                                                  
<http://www.wolfram.com/unsubscribe/?email=alicja.cc%40gmail.com&mailing=13&wave=412&hash=4f8bec493d6dd521170dd16bc6271fbf6499f6f6>Unsubscribe | <http://www.wolfram.com/emailchange/?email=alicja.cc@gmail.com&mid=WRxxxxxxx>Update Your Email | <http://www.wolfram.com/legal/privacy/wolfram-alpha.html>Privacy Policy                                                               
This message was sent to <alicja.cc@gmail.com> by Wolfram Alpha LLC. Mailing address: 100 Trade Center Dr., Champaign, IL 61820, USA                                                                                                                                                                                                                                                    
Wolfram|Alpha is a registered trademark of Wolfram Alpha LLC. All other trademarks are the property of their respective owners.                                                                                                                                                                                                                                                         




