body:before {
	content: "Hello Word!";
	color: green;
}

