
	
	
		
			This is a Heading
		
		
			This is a standard paragraph. It includes detailed information and can span multiple lines or pages, depending on content length.
		
	

